C51 COMPILER V9.59.0.0   MAIN                                                              01/26/2022 13:44:12 PAGE 1   


C51 COMPILER V9.59.0.0, COMPILATION OF MODULE MAIN
OBJECT MODULE PLACED IN .\Objects\main.obj
COMPILER INVOKED BY: E:\SCM\keil 4\C51\BIN\C51.EXE main.c OPTIMIZE(8,SPEED) BROWSE DEBUG OBJECTEXTEND PRINT(.\Listings\m
                    -ain.lst) OBJECT(.\Objects\main.obj)

line level    source

   1          #include "reg52.h"
   2          #include <stdio.h>
   3          
   4          typedef unsigned int u16;         //对数据类型进行声明定义
   5          typedef unsigned char u8;
   6          
   7          sbit LSA=P2^4;
   8          sbit LSB=P2^5;
   9          sbit LSC=P2^6;
  10          sbit LSD=P2^7;
  11          
  12          sbit CLOCK=P2^0;
  13          sbit START=P2^1;
  14          sbit EOC=P2^2;
  15          sbit OE=P2^3;
  16          u16 a;
  17          u8 adc_number;
  18          u8 xianshi[4];
  19          
  20          void delay(unsigned int i)
  21          {
  22   1              while(i--);     
  23   1      }
  24          void smg(u8 x,y)
  25          {
  26   1              u8 b[17]={0x3f,0x06,0x5b,0x4f,0x66,0x6d,0x7d,0x07,0x7f,0x6f,0x77,0x7c,0x39,0x5e,0x79,0x71};
  27   1              switch(x)
  28   1              {
  29   2                      case 1:LSA=0;LSB=1;LSC=1;LSD=1;break;
  30   2                      case 2:LSA=1;LSB=0;LSC=1;LSD=1;break;
  31   2                      case 3:LSA=1;LSB=1;LSC=0;LSD=1;break;
  32   2                      case 4:LSA=1;LSB=1;LSC=1;LSD=0;break;
  33   2              }
  34   1              P0=b[y];
  35   1              delay(100);
  36   1      }
  37          void TimeInitial()
  38          { 
  39   1              TMOD=0x10;
  40   1              TH1=(65536-200)/256;
  41   1              TL1=(65536-200)%256;
  42   1              EA=1;
  43   1              ET1=1;
  44   1              TR1=1;
  45   1       }
  46          
  47          void datapros()
  48          {
  49   1              START=0;
  50   1              OE=0;
  51   1              START=1;
  52   1              START=0;
  53   1              while(EOC==0);
  54   1              OE=1;
C51 COMPILER V9.59.0.0   MAIN                                                              01/26/2022 13:44:12 PAGE 2   

  55   1              adc_number=P1;
  56   1              OE=0;
  57   1              a=adc_number;
  58   1              xianshi[1]=a/1000+32;
  59   1              xianshi[2]=a%1000/100;
  60   1              xianshi[3]=a%100/10;
  61   1              xianshi[4]=a%10;
  62   1              
  63   1              smg(1,xianshi[1]);
  64   1              smg(2,xianshi[2]);
  65   1              smg(3,xianshi[3]);
  66   1              smg(4,xianshi[4]);
  67   1      }
  68          
  69          void t1(void) interrupt 3 
  70          {
  71   1        TH1=(65536-200)/256;
  72   1        TL1=(65536-200)%256;
  73   1        CLOCK=~CLOCK;
  74   1      }
  75          void main()
  76          {
  77   1              TimeInitial();
  78   1              datapros();
  79   1              while(1)
  80   1              {
  81   2                      datapros();
  82   2              }
  83   1      }


MODULE INFORMATION:   STATIC OVERLAYABLE
   CODE SIZE        =    279    ----
   CONSTANT SIZE    =     17    ----
   XDATA SIZE       =   ----    ----
   PDATA SIZE       =   ----    ----
   DATA SIZE        =      7      20
   IDATA SIZE       =   ----    ----
   BIT SIZE         =   ----    ----
END OF MODULE INFORMATION.


C51 COMPILATION COMPLETE.  0 WARNING(S),  0 ERROR(S)
