C51 COMPILER V9.59.0.0   UART                                                              03/06/2022 16:00:22 PAGE 1   


C51 COMPILER V9.59.0.0, COMPILATION OF MODULE UART
OBJECT MODULE PLACED IN .\Objects\Uart.obj
COMPILER INVOKED BY: E:\SCM\keil 4\C51\BIN\C51.EXE Uart.c OPTIMIZE(8,SPEED) BROWSE DEBUG OBJECTEXTEND PRINT(.\Listings\U
                    -art.lst) OBJECT(.\Objects\Uart.obj)

line level    source

   1          #include "reg52.h"
   2          
   3          void UartInit(void)             //4800bps@12.000MHz
   4          {
   5   1              PCON &= 0x7F;           //波特率不倍速
   6   1              SCON = 0x50;            //8位数据,可变波特率
   7   1              TMOD &= 0x0F;           //清除定时器1模式位
   8   1              TMOD |= 0x20;           //设定定时器1为8位自动重装方式
   9   1              TL1 = 0xFA;             //设定定时初值
  10   1              TH1 = 0xFA;             //设定定时器重装值
  11   1              ET1 = 0;                //禁止定时器1中断
  12   1              TR1 = 1;                //启动定时器1
  13   1              EA=1;
  14   1              ES=1;
  15   1              
  16   1      }


MODULE INFORMATION:   STATIC OVERLAYABLE
   CODE SIZE        =     27    ----
   CONSTANT SIZE    =   ----    ----
   XDATA SIZE       =   ----    ----
   PDATA SIZE       =   ----    ----
   DATA SIZE        =   ----    ----
   IDATA SIZE       =   ----    ----
   BIT SIZE         =   ----    ----
END OF MODULE INFORMATION.


C51 COMPILATION COMPLETE.  0 WARNING(S),  0 ERROR(S)
