C51 COMPILER V9.59.0.0   IRRECEIVE                                                         02/17/2022 13:43:37 PAGE 1   


C51 COMPILER V9.59.0.0, COMPILATION OF MODULE IRRECEIVE
OBJECT MODULE PLACED IN .\Objects\IrReceive.obj
COMPILER INVOKED BY: E:\SCM\keil 4\C51\BIN\C51.EXE IrReceive.c OPTIMIZE(8,SPEED) BROWSE DEBUG OBJECTEXTEND PRINT(.\Listi
                    -ngs\IrReceive.lst) OBJECT(.\Objects\IrReceive.obj)

line level    source

   1          #include "IrReceive.h"
*** WARNING C318 IN LINE 4 OF IrReceive.h: can't open file 'delay.h'
*** ERROR C141 IN LINE 7 OF IrReceive.h: syntax error near 'uchar', expected 'bit'
*** ERROR C129 IN LINE 7 OF IrReceive.h: missing ';' before 'usercode'
   2          
   3          void irReceiveInit(void)//初始化
   4          {
   5            TMOD=0x02;//定时器0工作方式2，TH0是重装值，TL0是初值
   6            TH0=0; //重载值
   7            TL0=0; //初始化值
   8            ET0=1;    //开中断
   9            TR0=1;    
  10                  
  11                  IT0 = 1;   //指定外部中断0下降沿触发，INT0 (P3.2)
  12                  EX0 = 1;   //使能外部中断
  13                  EA = 1;    //开总中断
  14          }
  15          
  16          void IrValueParse(u32 recv)//数据处理函数
  17          {
  18                  uchar temp1;
  19                  uchar temp2;
  20                  temp1=recv;
  21                  temp2=recv>>8;
  22                  IrValue.usercode=temp1;
  23                  if(temp1!=(uchar)(~temp2))
  24                  {
  25                          IrValue.ok=0;
  26                          return;
  27                  }
  28                  temp1=recv>>16;
  29                  temp2=recv>>24;
  30                  IrValue.cmd=temp1;
  31                  if(temp1!=(uchar)(~temp2))
  32                  {
  33                          IrValue.ok=0;
  34                          return;
  35                  }
  36                  IrValue.ok=1;
  37          }
  38          
  39          ir_value_t IrValue;
  40          
  41          void timer0_isr(void) interrupt 1 //定时器0中断服务函数
  42          {
  43                  IrValue.irtime++;
  44          }
  45          
  46          void ir_ex0_interrupt() interrupt 0 //外部中断0 下降沿触发
  47          {   
  48                          static bit flag_start=0;
  49                          static uchar IrCountBit=0;     //位计数器
  50                          if(IrValue.irtime<60&&IrValue.irtime>=40) 
  51                          {
C51 COMPILER V9.59.0.0   IRRECEIVE                                                         02/17/2022 13:43:37 PAGE 2   

  52                                  flag_start=1;引导码 9ms+4.5ms 数据开始接收
  53                                  IrCountBit=0;//开始数数
  54                                  IrValue.count_repeat=0;//重发码清零
  55                          }
  56                          if(flag_start)
  57                          {
  58                                  IrValue.receive>>=1;
  59                                  if(IrValue.irtime>6&&IrValue.irtime<10) //逻辑1
  60                                  {
  61                                          IrValue.receive|=0x80000000;
  62                                  }
  63                                  else if(IrValue.irtime<513&&IrValue.irtime>=268)
  64                                  {
  65                                          IrValue.count_repeat++;
  66                                  }
  67                                  IrCountBit++;
  68                                  if(IrCountBit==33)      //接收完成
  69                                  {
  70                                          IrValueParse(IrValue.receive);  
  71                                  }
  72                          }
  73                          IrValue.irtime=0;//清空定时器变量
  74          }

C51 COMPILATION COMPLETE.  1 WARNING(S),  2 ERROR(S)
