C51 COMPILER V9.59.0.0   MAIN                                                              10/23/2021 19:28:39 PAGE 1   


C51 COMPILER V9.59.0.0, COMPILATION OF MODULE MAIN
OBJECT MODULE PLACED IN main.OBJ
COMPILER INVOKED BY: E:\SCM\keil 4\C51\BIN\C51.EXE main.c OPTIMIZE(8,SPEED) BROWSE DEBUG OBJECTEXTEND TABS(2)

line level    source

   1          /*************************************************************************************
   2          
   3          *
   4          实验现象：下载程序后按下K1按键可以对D1小灯状态取反
   5          接线说明： (具体接线图可见开发攻略对应实验的“实验现象”章节)
   6                 1，单片机-->LED&交通灯模块
   7                 P00-->D1
   8                 2，单片机-->独立按键模块
   9                 P10-->K1 
  10          注意事项：                    
  11          
  12                                
  13          **************************************************************************************
  14          
  15          */
  16          
  17          #include "reg52.h"       //此文件中定义了单片机的一些特殊功能寄存器
  18          
  19          typedef unsigned int u16;   //对数据类型进行声明定义
  20          typedef unsigned char u8;
  21          
  22          sbit k1=P3^4;  //定义P10口是k1
  23          sbit led=P1^0;   //定义P00口是led
  24          
  25          /*******************************************************************************
  26          * 函 数 名         : delay
  27          * 函数功能       : 延时函数，i=1时，大约延时10us
  28          *******************************************************************************/
  29          void delay(u16 i)
  30          {
  31   1        while(i--); 
  32   1      }
  33          
  34          /*******************************************************************************
  35          * 函 数 名         : keypros
  36          * 函数功能       : 按键处理函数，判断按键K1是否按下
  37          *******************************************************************************/
  38          void keypros()
  39          {
  40   1        if(k1==0)     //检测按键K1是否按下
  41   1        { 
  42   2          delay(1000);   //消除抖动 一般大约10ms
  43   2      //    if(k1==0)  //再次判断按键是否按下
  44   2      //    {
  45   2        led=~led;   //led状态取反
  46   2      //    }
  47   2      //    while(!k1);  //检测按键是否松开
  48   2        }   
  49   1      }
  50          
  51          /*******************************************************************************
  52          * 函 数 名       : main
  53          * 函数功能     : 主函数
  54          * 输    入       : 无
  55          * 输    出       : 无
C51 COMPILER V9.59.0.0   MAIN                                                              10/23/2021 19:28:39 PAGE 2   

  56          *******************************************************************************/
  57          void main()
  58          { 
  59   1        led=1;
  60   1        while(1)
  61   1        { 
  62   2          keypros();  //按键处理函数  
  63   2        }   
  64   1      }


MODULE INFORMATION:   STATIC OVERLAYABLE
   CODE SIZE        =     31    ----
   CONSTANT SIZE    =   ----    ----
   XDATA SIZE       =   ----    ----
   PDATA SIZE       =   ----    ----
   DATA SIZE        =   ----    ----
   IDATA SIZE       =   ----    ----
   BIT SIZE         =   ----    ----
END OF MODULE INFORMATION.


C51 COMPILATION COMPLETE.  0 WARNING(S),  0 ERROR(S)
