C51 COMPILER V9.54   MAIN                                                                  11/21/2022 10:21:58 PAGE 1   


C51 COMPILER V9.54, COMPILATION OF MODULE MAIN
OBJECT MODULE PLACED IN main.OBJ
COMPILER INVOKED BY: E:\MDK5\C51\BIN\C51.EXE main.c OPTIMIZE(8,SPEED) BROWSE DEBUG OBJECTEXTEND

line level    source

   1          /**************************************************************************************
   2          实验现象：下载程序后，呈现交通灯现象
   3                            
   4          接线说明： (具体接线图可见开发攻略对应实验的“实验现象”章节)
   5                             1，单片机-->LED&交通灯模块
   6                                          J20-->J19
   7                                          P30-->J18(D9)
   8                                          P31-->J18(D10)
   9                             2，单片机-->动态数码管模块
  10                                          J22-->J6
  11                                          P22-->J9(A)
  12                                          P23-->J9(B)
  13                                          P24-->J9(C)     
  14                  
  15          注意事项：                                                                                                                                                              
  16            
  17          ***************************************************************************************/
  18          
  19          #include "reg52.h"                       //此文件中定义了单片机的一些特殊功能寄存器
  20          
  21          typedef unsigned int u16;         //对数据类型进行声明定义
  22          typedef unsigned char u8;
  23          
  24          sbit LSA=P2^2;
  25          sbit LSB=P2^3;
  26          sbit LSC=P2^4;
  27          
  28          //--定义使用的IO口--//
  29          #define GPIO_DIG   P0
  30          
  31          #define GPIO_TRAFFIC P1
  32          
  33          sbit RED10   = P1^0;   //上人行道红灯
  34          sbit GREEN10 = P1^1;   //上人行道绿灯
  35          sbit RED11   = P1^2;
  36          sbit YELLOW11= P1^3;
  37          sbit GREEN11 = P1^4;
  38          
  39          sbit RED00   = P3^0;    //右人行道红灯
  40          sbit GREEN00 = P3^1;    //右人行道绿灯
  41          sbit RED01   = P1^5;
  42          sbit YELLOW01= P1^6;
  43          sbit GREEN01 = P1^7;
  44          
  45          u8 code smgduan[17]={0x3f,0x06,0x5b,0x4f,0x66,0x6d,0x7d,0x07,
  46                                                  0x7f,0x6f,0x77,0x7c,0x39,0x5e,0x79,0x71};//显示0~F的值
  47          
  48          u8 DisplayData[8];
  49          u8 Second;
  50          
  51          /*******************************************************************************
  52          * 函 数 名         : delay
  53          * 函数功能                 : 延时函数，i=1时，大约延时10us
  54          *******************************************************************************/
  55          void delay(u16 i)
C51 COMPILER V9.54   MAIN                                                                  11/21/2022 10:21:58 PAGE 2   

  56          {
  57   1              while(i--);     
  58   1      }
  59          
  60          /*******************************************************************************
  61          * 函 数 名         : DigDisplay
  62          * 函数功能                 : 数码管动态扫描函数，循环扫描8个数码管显示
  63          *******************************************************************************/
  64          void DigDisplay()
  65          {
  66   1              u8 i;
  67   1              for(i=0;i<8;i++)
  68   1              {
  69   2                      switch(i)        //位选，选择点亮的数码管，
  70   2                      {
  71   3                              case(0):
  72   3                                      LSA=0;LSB=0;LSC=0; break;//显示第0位
  73   3                              case(1):
  74   3                                      LSA=1;LSB=0;LSC=0; break;//显示第1位
  75   3                              case(2):
  76   3                                      LSA=0;LSB=1;LSC=0; break;//显示第2位
  77   3                              case(3):
  78   3                                      LSA=1;LSB=1;LSC=0; break;//显示第3位
  79   3                              case(4):
  80   3                                      LSA=0;LSB=0;LSC=1; break;//显示第4位
  81   3                              case(5):
  82   3                                      LSA=1;LSB=0;LSC=1; break;//显示第5位
  83   3                              case(6):
  84   3                                      LSA=0;LSB=1;LSC=1; break;//显示第6位
  85   3                              case(7):
  86   3                                      LSA=1;LSB=1;LSC=1; break;//显示第7位    
  87   3                      }
  88   2                      GPIO_DIG=DisplayData[i];//发送段码
  89   2                      delay(100); //间隔一段时间扫描  
  90   2                      GPIO_DIG=0x00;//消隐
  91   2              }
  92   1      }
  93          
  94          
  95          /*******************************************************************************
  96          * 函 数 名         : Timer0Init
  97          * 函数功能                 : 定时器0初始化
  98          * 输    入         : 无
  99          * 输    出         : 无
 100          *******************************************************************************/
 101          void Timer0Init()
 102          {
 103   1              TMOD|=0X01;//选择为定时器0模式，工作方式1，仅用TR0打开启动。
 104   1      
 105   1              TH0=0XFC;       //给定时器赋初值，定时1ms
 106   1              TL0=0X18;       
 107   1              ET0=1;//打开定时器0中断允许
 108   1              EA=1;//打开总中断
 109   1              TR0=1;//打开定时器                      
 110   1      }
 111          
 112          /*******************************************************************************
 113          * 函 数 名       : main
 114          * 函数功能               : 主函数
 115          * 输    入       : 无
 116          * 输    出       : 无
 117          *******************************************************************************/
C51 COMPILER V9.54   MAIN                                                                  11/21/2022 10:21:58 PAGE 3   

 118          void main()
 119          {       
 120   1              Second = 1;
 121   1      
 122   1              Timer0Init();
 123   1      
 124   1              while(1)
 125   1              {
 126   2                      if(Second == 70)
 127   2                      {
 128   3                              Second = 1;
 129   3                      }
 130   2      
 131   2                      //--宝田路通行，30秒--//
 132   2                      if(Second < 31)
 133   2                      {
 134   3                              DisplayData[0] = 0x00;
 135   3                              DisplayData[1] = 0x00;
 136   3                              DisplayData[2] = smgduan[(30 - Second) % 100 / 10];
 137   3                              DisplayData[3] = smgduan[(30 - Second) %10];
 138   3                              DisplayData[4] = 0x00;
 139   3                              DisplayData[5] = 0x00;
 140   3                              DisplayData[6] = DisplayData[2];
 141   3                              DisplayData[7] = DisplayData[3];
 142   3                              DigDisplay();
 143   3      
 144   3                              //--宝田路通行--//
 145   3      
 146   3                              GPIO_TRAFFIC = 0xFF;  //将所有的灯熄灭
 147   3                              RED00 = 1;
 148   3                              GREEN00 = 1;
 149   3      
 150   3                              GREEN11 = 0;    //宝田路绿灯亮                  
 151   3                              GREEN10 = 0;    //宝田路人行道绿灯亮
 152   3      
 153   3                              RED01 = 0;      //前进路红灯亮
 154   3                              RED00 = 0;      //前进路人行道红灯亮
 155   3                      }
 156   2      
 157   2                      //--黄灯等待切换状态，5秒--//
 158   2                      else if(Second < 36) 
 159   2                      {
 160   3                              DisplayData[0] = 0x00;
 161   3                              DisplayData[1] = 0x00;
 162   3                              DisplayData[2] = smgduan[(35 - Second) % 100 / 10];
 163   3                              DisplayData[3] = smgduan[(35 - Second) %10];
 164   3                              DisplayData[4] = 0x00;
 165   3                              DisplayData[5] = 0x00;
 166   3                              DisplayData[6] = DisplayData[2];
 167   3                              DisplayData[7] = DisplayData[3];
 168   3                              DigDisplay();
 169   3      
 170   3                              //--黄灯阶段--//
 171   3      
 172   3                              GPIO_TRAFFIC = 0xFF;  //将所有的灯熄灭
 173   3                              RED00 = 1;
 174   3                              GREEN00 = 1;
 175   3      
 176   3                              YELLOW11 = 0;    //宝田路黄灯亮                 
 177   3                              RED10   = 0;     //宝田路人行道红灯亮
 178   3      
 179   3                              YELLOW01 = 0;    //前进路红灯亮
C51 COMPILER V9.54   MAIN                                                                  11/21/2022 10:21:58 PAGE 4   

 180   3                              RED00 = 0;       //前进路人行道红灯亮
 181   3                      }
 182   2      
 183   2                      //--前进路通行--//
 184   2                      else if(Second < 66) 
 185   2                      {
 186   3                              DisplayData[0] = 0x00;
 187   3                              DisplayData[1] = 0x00;
 188   3                              DisplayData[2] = smgduan[(65 - Second) % 100 / 10];
 189   3                              DisplayData[3] = smgduan[(65 - Second) %10];
 190   3                              DisplayData[4] = 0x00;
 191   3                              DisplayData[5] = 0x00;
 192   3                              DisplayData[6] = DisplayData[2];
 193   3                              DisplayData[7] = DisplayData[3];
 194   3                              DigDisplay();
 195   3      
 196   3                              //--黄灯阶段--//
 197   3      
 198   3                              GPIO_TRAFFIC = 0xFF;  //将所有的灯熄灭
 199   3                              RED00 = 1;
 200   3                              GREEN00 = 1;
 201   3      
 202   3                              RED11 = 0;       //宝田路红灯亮                 
 203   3                              RED10 = 0;       //宝田路人行道红灯亮
 204   3      
 205   3                              GREEN01 = 0;     //前进路绿灯亮
 206   3                              GREEN00 = 0;     //前进路人行道绿灯亮
 207   3                      }
 208   2      
 209   2                      //--黄灯等待切换状态，5秒--//
 210   2                      else 
 211   2                      {
 212   3                              DisplayData[0] = 0x00;
 213   3                              DisplayData[1] = 0x00;
 214   3                              DisplayData[2] = smgduan[(70 - Second) % 100 / 10];
 215   3                              DisplayData[3] = smgduan[(70 - Second) %10];
 216   3                              DisplayData[4] = 0x00;
 217   3                              DisplayData[5] = 0x00;
 218   3                              DisplayData[6] = DisplayData[2];
 219   3                              DisplayData[7] = DisplayData[3];
 220   3                              DigDisplay();
 221   3      
 222   3                              //--黄灯阶段--//
 223   3      
 224   3                              GPIO_TRAFFIC = 0xFF;  //将所有的灯熄灭
 225   3                              RED00 = 1;
 226   3                              GREEN00 = 1;
 227   3      
 228   3                              YELLOW11 = 0;    //宝田路黄灯亮                 
 229   3                              RED10   = 0;     //宝田路人行道红灯亮
 230   3      
 231   3                              YELLOW01 = 0;    //前进路红灯亮
 232   3                              RED00 = 0;       //前进路人行道红灯亮
 233   3                      }
 234   2              }                                       
 235   1      }
 236          
 237          
 238          /*******************************************************************************
 239          * 函 数 名         : void Timer0() interrupt 1
 240          * 函数功能                 : 定时器0中断函数
 241          * 输    入         : 无
C51 COMPILER V9.54   MAIN                                                                  11/21/2022 10:21:58 PAGE 5   

 242          * 输    出         : 无
 243          *******************************************************************************/
 244          void Timer0() interrupt 1
 245          {
 246   1              static u16 i;
 247   1              TH0=0XFC;       //给定时器赋初值，定时1ms
 248   1              TL0=0X18;
 249   1              i++;
 250   1              if(i==1000)
 251   1              {
 252   2                      i=0;
 253   2                      Second ++;      
 254   2              }       
 255   1      }


MODULE INFORMATION:   STATIC OVERLAYABLE
   CODE SIZE        =    388    ----
   CONSTANT SIZE    =     17    ----
   XDATA SIZE       =   ----    ----
   PDATA SIZE       =   ----    ----
   DATA SIZE        =     11    ----
   IDATA SIZE       =   ----    ----
   BIT SIZE         =   ----    ----
END OF MODULE INFORMATION.


C51 COMPILATION COMPLETE.  0 WARNING(S),  0 ERROR(S)
